// Jest Snapshot v1, https://goo.gl/fbAQLP

exports[`EmployeeTableToolbar Component renders the EmployeeTableToolbar Component 1`] = `
<div
  className="MuiToolbar-root MuiToolbar-gutters MuiToolbar-regular css-pux2q4-MuiToolbar-root"
>
  <div
    className="MuiTypography-root MuiTypography-subtitle1 css-10wpov9-MuiTypography-root"
  >
    10
     selected
  </div>
  <button
    aria-label="Delete"
    aria-labelledby={null}
    className="MuiButtonBase-root MuiIconButton-root MuiIconButton-sizeMedium css-78trlr-MuiButtonBase-root-MuiIconButton-root"
    data-mui-internal-clone-element={true}
    disabled={false}
    onBlur={[Function]}
    onClick={[Function]}
    onContextMenu={[Function]}
    onDragLeave={[Function]}
    onFocus={[Function]}
    onKeyDown={[Function]}
    onKeyUp={[Function]}
    onMouseDown={[Function]}
    onMouseLeave={[Function]}
    onMouseOver={[Function]}
    onMouseUp={[Function]}
    onTouchEnd={[Function]}
    onTouchMove={[Function]}
    onTouchStart={[Function]}
    tabIndex={0}
    type="button"
  >
    <svg
      aria-hidden={true}
      className="MuiSvgIcon-root MuiSvgIcon-fontSizeMedium css-i4bv87-MuiSvgIcon-root"
      data-testid="DeleteOutlineIcon"
      focusable="false"
      viewBox="0 0 24 24"
    >
      <path
        d="M6 19c0 1.1.9 2 2 2h8c1.1 0 2-.9 2-2V7H6v12zM8 9h8v10H8V9zm7.5-5-1-1h-5l-1 1H5v2h14V4z"
      />
    </svg>
    <span
      className="MuiTouchRipple-root css-8je8zh-MuiTouchRipple-root"
    />
  </button>
</div>
`;
