// Jest Snapshot v1, https://goo.gl/fbAQLP

exports[`AuthLayout Component renders the AuthLayout Component 1`] = `
<header
  className="css-103o8ot"
>
  <a
    href="/"
    onClick={[Function]}
  >
    <img
      className="MuiBox-root css-1ngw63v"
      src="https://minimal-kit-react.vercel.app/static/logo.svg"
    />
  </a>
  <p
    className="MuiTypography-root MuiTypography-body2 css-128dl2h-MuiTypography-root"
  >
    <h1>
      Some content
    </h1>
  </p>
</header>
`;
